
> @spilledcinema/dashboard@0.0.0 dev
> vite --host 127.0.0.1 --port 5174

[INIT] Server initialized. Vault path: NOT SET

  [32m[1mVITE[22m v8.0.10[39m  [2mready in [0m[1m1732[22m[2m[0m ms[22m

  [32m➜[39m  [1mLocal[22m:   [36mhttp://127.0.0.1:[1m5174[22m/[39m
[2m15:27:09[22m [36m[1m[vite][22m[39m [32m../server/src/http-handlers.ts changed, restarting server...[39m
[INIT] Server initialized. Vault path: NOT SET
[2m15:27:10[22m [36m[1m[vite][22m[39m server restarted.
[2m15:31:53[22m [36m[1m[vite][22m[39m [90m[2m(client)[22m[39m [32mhmr update [39m[2m/src/App.tsx, /src/index.css[22m
[2m15:42:26[22m [36m[1m[vite][22m[39m [32msrc/server/full-download.ts changed, restarting server...[39m
[INIT] Server initialized. Vault path: NOT SET
[2m15:42:26[22m [36m[1m[vite][22m[39m server restarted.
[2m15:42:37[22m [36m[1m[vite][22m[39m [90m[2m(client)[22m[39m [32mhmr update [39m[2m/src/index.css, /src/components/PlayerModal.tsx[22m
[2m15:43:41[22m [36m[1m[vite][22m[39m [32msrc/server/full-download.ts changed, restarting server...[39m
[INIT] Server initialized. Vault path: NOT SET
[2m15:43:41[22m [36m[1m[vite][22m[39m server restarted.
[2m15:48:19[22m [36m[1m[vite][22m[39m [90m[2m(client)[22m[39m [32mhmr update [39m[2m/src/index.css, /src/components/UniversalVideoPlayer.tsx[22m
[2m16:02:36[22m [36m[1m[vite][22m[39m [90m[2m(client)[22m[39m [32mhmr update [39m[2m/src/index.css, /src/components/UniversalVideoPlayer.tsx[22m
[2m16:02:49[22m [36m[1m[vite][22m[39m [90m[2m(client)[22m[39m [32mhmr update [39m[2m/src/components/PlayerModal.tsx, /src/index.css[22m
[2m16:02:56[22m [36m[1m[vite][22m[39m [90m[2m(client)[22m[39m [32mhmr update [39m[2m/src/App.tsx, /src/index.css[22m
[2m16:03:11[22m [36m[1m[vite][22m[39m [32msrc/server/full-download.ts changed, restarting server...[39m
[INIT] Server initialized. Vault path: NOT SET
[2m16:03:12[22m [36m[1m[vite][22m[39m [90m[2m(client)[22m[39m Re-optimizing dependencies because vite config has changed
[2m16:03:12[22m [36m[1m[vite][22m[39m server restarted.
[2m16:03:14[22m [36m[1m[vite][22m[39m [90m[2m(client)[22m[39m [optimizer] bundling dependencies...
[2m16:07:07[22m [36m[1m[vite][22m[39m [90m[2m(client)[22m[39m [32mhmr update [39m[2m/src/index.css, /src/components/UniversalVideoPlayer.tsx[22m
[2m16:09:58[22m [36m[1m[vite][22m[39m [90m[2m(client)[22m[39m [32mhmr update [39m[2m/src/index.css, /src/components/PlayerModal.tsx[22m
[2m16:15:06[22m [36m[1m[vite][22m[39m [32msrc/server/full-download.ts changed, restarting server...[39m
[INIT] Server initialized. Vault path: NOT SET
[2m16:15:07[22m [36m[1m[vite][22m[39m [90m[2m(client)[22m[39m Re-optimizing dependencies because vite config has changed
[2m16:15:07[22m [36m[1m[vite][22m[39m server restarted.
[2m16:15:08[22m [36m[1m[vite][22m[39m [90m[2m(client)[22m[39m [optimizer] bundling dependencies...
[2m16:15:15[22m [36m[1m[vite][22m[39m [32msrc/server/full-download.ts changed, restarting server...[39m
[INIT] Server initialized. Vault path: NOT SET
[2m16:15:15[22m [36m[1m[vite][22m[39m server restarted.
[2m16:18:42[22m [36m[1m[vite][22m[39m [90m[2m(client)[22m[39m [32mhmr update [39m[2m/src/index.css, /src/components/PlayerModal.tsx[22m
[2m16:25:40[22m [36m[1m[vite][22m[39m [32msrc/server/full-download.ts changed, restarting server...[39m
[INIT] Server initialized. Vault path: NOT SET
[2m16:25:40[22m [36m[1m[vite][22m[39m [90m[2m(client)[22m[39m Re-optimizing dependencies because vite config has changed
[2m16:25:40[22m [36m[1m[vite][22m[39m server restarted.
[2m16:25:42[22m [36m[1m[vite][22m[39m [90m[2m(client)[22m[39m [optimizer] bundling dependencies...
[2m17:00:20[22m [36m[1m[vite][22m[39m [32msrc/server/full-download.ts changed, restarting server...[39m
[INIT] Server initialized. Vault path: NOT SET
[2m17:00:21[22m [36m[1m[vite][22m[39m server restarted.
[2m17:30:55[22m [36m[1m[vite][22m[39m [90m[2m(client)[22m[39m [32mhmr update [39m[2m/src/index.css, /src/components/UniversalVideoPlayer.tsx[22m
[2m17:33:05[22m [36m[1m[vite][22m[39m [90m[2m(client)[22m[39m [32mhmr update [39m[2m/src/index.css, /src/components/UniversalVideoPlayer.tsx[22m
[2m17:33:51[22m [36m[1m[vite][22m[39m [90m[2m(client)[22m[39m [32mhmr update [39m[2m/src/index.css, /src/components/UniversalVideoPlayer.tsx[22m
[2m17:34:32[22m [36m[1m[vite][22m[39m [90m[2m(client)[22m[39m [32mhmr update [39m[2m/src/index.css, /src/components/UniversalVideoPlayer.tsx[22m
[2m17:35:02[22m [36m[1m[vite][22m[39m [90m[2m(client)[22m[39m [32mhmr update [39m[2m/src/index.css, /src/components/PlayerModal.tsx[22m
[2m17:35:13[22m [36m[1m[vite][22m[39m [90m[2m(client)[22m[39m [32mhmr update [39m[2m/src/index.css, /src/components/PlayerModal.tsx[22m
[2m17:38:07[22m [36m[1m[vite][22m[39m [90m[2m(client)[22m[39m [32mhmr update [39m[2m/src/index.css, /src/components/PlayerModal.tsx[22m
[2m17:38:23[22m [36m[1m[vite][22m[39m [90m[2m(client)[22m[39m [32mhmr update [39m[2m/src/index.css, /src/components/PlayerModal.tsx[22m
[2m17:38:35[22m [36m[1m[vite][22m[39m [90m[2m(client)[22m[39m [32mhmr update [39m[2m/src/index.css, /src/components/PlayerModal.tsx[22m
[2m17:45:04[22m [36m[1m[vite][22m[39m [32msrc/server/svetserialu.ts changed, restarting server...[39m
[INIT] Server initialized. Vault path: NOT SET
[2m17:45:04[22m [36m[1m[vite][22m[39m [90m[2m(client)[22m[39m Re-optimizing dependencies because vite config has changed
[2m17:45:05[22m [36m[1m[vite][22m[39m server restarted.
[2m17:45:06[22m [36m[1m[vite][22m[39m [90m[2m(client)[22m[39m [optimizer] bundling dependencies...
[2m17:45:12[22m [36m[1m[vite][22m[39m [32msrc/server/svetserialu-algolia.ts changed, restarting server...[39m
[INIT] Server initialized. Vault path: NOT SET
[2m17:45:12[22m [36m[1m[vite][22m[39m [90m[2m(client)[22m[39m Re-optimizing dependencies because vite config has changed
[2m17:45:12[22m [36m[1m[vite][22m[39m server restarted.
[2m17:45:14[22m [36m[1m[vite][22m[39m [90m[2m(client)[22m[39m [optimizer] bundling dependencies...
[2m17:47:31[22m [36m[1m[vite][22m[39m [32msrc/server/svetserialu.ts changed, restarting server...[39m
[INIT] Server initialized. Vault path: NOT SET
[2m17:47:32[22m [36m[1m[vite][22m[39m [90m[2m(client)[22m[39m Re-optimizing dependencies because vite config has changed
[2m17:47:32[22m [36m[1m[vite][22m[39m server restarted.
[2m17:47:33[22m [36m[1m[vite][22m[39m [90m[2m(client)[22m[39m [optimizer] bundling dependencies...
[2m17:56:36[22m [36m[1m[vite][22m[39m [90m[2m(client)[22m[39m [32mhmr update [39m[2m/src/index.css, /src/components/UniversalVideoPlayer.tsx[22m
[2m17:56:47[22m [36m[1m[vite][22m[39m [90m[2m(client)[22m[39m [32mhmr update [39m[2m/src/components/PlayerModal.tsx, /src/index.css[22m
[2m17:57:33[22m [36m[1m[vite][22m[39m [90m[2m(client)[22m[39m [32mhmr update [39m[2m/src/components/ShowDetail.tsx, /src/index.css[22m
[2m17:58:21[22m [36m[1m[vite][22m[39m [90m[2m(client)[22m[39m [32mhmr update [39m[2m/src/components/ShowDetail.tsx, /src/index.css[22m
[2m17:59:09[22m [36m[1m[vite][22m[39m [90m[2m(client)[22m[39m [32mhmr update [39m[2m/src/components/ShowDetail.tsx, /src/index.css[22m
[2m17:59:43[22m [36m[1m[vite][22m[39m [90m[2m(client)[22m[39m [32mhmr update [39m[2m/src/App.tsx, /src/index.css[22m
[2m17:59:56[22m [36m[1m[vite][22m[39m [90m[2m(client)[22m[39m [32mhmr update [39m[2m/src/index.css[22m
[2m18:00:08[22m [36m[1m[vite][22m[39m [90m[2m(client)[22m[39m [32mhmr update [39m[2m/src/index.css[22m
[2m18:01:00[22m [36m[1m[vite][22m[39m [90m[2m(client)[22m[39m [32mhmr update [39m[2m/src/components/ShowDetail.tsx, /src/index.css[22m
[2m18:01:52[22m [36m[1m[vite][22m[39m [90m[2m(client)[22m[39m [32mhmr update [39m[2m/src/components/ShowDetail.tsx, /src/index.css[22m
[2m18:02:30[22m [36m[1m[vite][22m[39m [90m[2m(client)[22m[39m [32mhmr update [39m[2m/src/components/ShowDetail.tsx, /src/index.css[22m
[2m18:02:46[22m [36m[1m[vite][22m[39m [90m[2m(client)[22m[39m [32mhmr update [39m[2m/src/components/ShowDetail.tsx, /src/index.css[22m
[2m20:25:32[22m [36m[1m[vite][22m[39m [90m[2m(client)[22m[39m [32mhmr update [39m[2m/src/components/PlayerModal.tsx, /src/index.css[22m
[2m20:25:40[22m [36m[1m[vite][22m[39m [90m[2m(client)[22m[39m [32mhmr update [39m[2m/src/components/PlayerModal.tsx, /src/index.css[22m
[2m20:25:53[22m [36m[1m[vite][22m[39m [90m[2m(client)[22m[39m [32mhmr update [39m[2m/src/components/PlayerModal.tsx, /src/index.css[22m
[2m20:26:03[22m [36m[1m[vite][22m[39m [90m[2m(client)[22m[39m [32mhmr update [39m[2m/src/components/PlayerModal.tsx, /src/index.css[22m
[2m20:26:55[22m [36m[1m[vite][22m[39m [90m[2m(client)[22m[39m [32mhmr update [39m[2m/src/components/PlayerModal.tsx, /src/index.css[22m
[2m20:27:05[22m [36m[1m[vite][22m[39m [90m[2m(client)[22m[39m [32mhmr update [39m[2m/src/components/PlayerModal.tsx, /src/index.css[22m
